------------------------------------------------------------
Timing Analyzer Summary
------------------------------------------------------------

Type  : Slow 1100mV 85C Model Setup 'CLOCK_50'
Slack : -4.217
TNS   : -4.217

Type  : Slow 1100mV 85C Model Setup 'avconf:avc|mI2C_CTRL_CLK'
Slack : -2.374
TNS   : -138.470

Type  : Slow 1100mV 85C Model Hold 'CLOCK_50'
Slack : 0.375
TNS   : 0.000

Type  : Slow 1100mV 85C Model Hold 'avconf:avc|mI2C_CTRL_CLK'
Slack : 0.462
TNS   : 0.000

Type  : Slow 1100mV 85C Model Minimum Pulse Width 'avconf:avc|mI2C_CTRL_CLK'
Slack : -0.394
TNS   : -38.018

Type  : Slow 1100mV 85C Model Minimum Pulse Width 'Audio_Controller|Audio_Clock|altpll_component|auto_generated|generic_pll1~FRACTIONAL_PLL|vcoph[0]'
Slack : 1.666
TNS   : 0.000

Type  : Slow 1100mV 85C Model Minimum Pulse Width 'CLOCK_50'
Slack : 8.884
TNS   : 0.000

Type  : Slow 1100mV 0C Model Setup 'CLOCK_50'
Slack : -4.053
TNS   : -4.053

Type  : Slow 1100mV 0C Model Setup 'avconf:avc|mI2C_CTRL_CLK'
Slack : -2.359
TNS   : -134.313

Type  : Slow 1100mV 0C Model Hold 'CLOCK_50'
Slack : 0.377
TNS   : 0.000

Type  : Slow 1100mV 0C Model Hold 'avconf:avc|mI2C_CTRL_CLK'
Slack : 0.473
TNS   : 0.000

Type  : Slow 1100mV 0C Model Minimum Pulse Width 'avconf:avc|mI2C_CTRL_CLK'
Slack : -0.394
TNS   : -37.485

Type  : Slow 1100mV 0C Model Minimum Pulse Width 'Audio_Controller|Audio_Clock|altpll_component|auto_generated|generic_pll1~FRACTIONAL_PLL|vcoph[0]'
Slack : 1.666
TNS   : 0.000

Type  : Slow 1100mV 0C Model Minimum Pulse Width 'CLOCK_50'
Slack : 8.829
TNS   : 0.000

Type  : Fast 1100mV 85C Model Setup 'CLOCK_50'
Slack : -3.275
TNS   : -3.275

Type  : Fast 1100mV 85C Model Setup 'avconf:avc|mI2C_CTRL_CLK'
Slack : -1.200
TNS   : -57.074

Type  : Fast 1100mV 85C Model Hold 'avconf:avc|mI2C_CTRL_CLK'
Slack : 0.171
TNS   : 0.000

Type  : Fast 1100mV 85C Model Hold 'CLOCK_50'
Slack : 0.181
TNS   : 0.000

Type  : Fast 1100mV 85C Model Minimum Pulse Width 'avconf:avc|mI2C_CTRL_CLK'
Slack : 0.059
TNS   : 0.000

Type  : Fast 1100mV 85C Model Minimum Pulse Width 'Audio_Controller|Audio_Clock|altpll_component|auto_generated|generic_pll1~FRACTIONAL_PLL|vcoph[0]'
Slack : 1.666
TNS   : 0.000

Type  : Fast 1100mV 85C Model Minimum Pulse Width 'CLOCK_50'
Slack : 8.782
TNS   : 0.000

Type  : Fast 1100mV 0C Model Setup 'CLOCK_50'
Slack : -2.739
TNS   : -2.739

Type  : Fast 1100mV 0C Model Setup 'avconf:avc|mI2C_CTRL_CLK'
Slack : -1.046
TNS   : -49.256

Type  : Fast 1100mV 0C Model Hold 'avconf:avc|mI2C_CTRL_CLK'
Slack : 0.154
TNS   : 0.000

Type  : Fast 1100mV 0C Model Hold 'CLOCK_50'
Slack : 0.171
TNS   : 0.000

Type  : Fast 1100mV 0C Model Minimum Pulse Width 'avconf:avc|mI2C_CTRL_CLK'
Slack : 0.083
TNS   : 0.000

Type  : Fast 1100mV 0C Model Minimum Pulse Width 'Audio_Controller|Audio_Clock|altpll_component|auto_generated|generic_pll1~FRACTIONAL_PLL|vcoph[0]'
Slack : 1.666
TNS   : 0.000

Type  : Fast 1100mV 0C Model Minimum Pulse Width 'CLOCK_50'
Slack : 8.777
TNS   : 0.000

------------------------------------------------------------
